#-----------------------------------------------------------
# Vivado v2023.1 (64-bit)
# SW Build 3865809 on Sun May  7 15:04:56 MDT 2023
# IP Build 3864474 on Sun May  7 20:36:21 MDT 2023
# SharedData Build 3865790 on Sun May 07 13:33:03 MDT 2023
# Start of session at: Tue Mar  5 08:24:52 2024
# Process ID: 2190458
# Current directory: /home/gonzalop/Documents/8641_Sistemas_Digitales/Trabajos_Practicos/TP_FINAL/Codigo/Sintesis/TP_FINAL/TP_FINAL.runs/synth_1
# Command line: vivado -log top.vds -product Vivado -mode batch -messageDb vivado.pb -notrace -source top.tcl
# Log file: /home/gonzalop/Documents/8641_Sistemas_Digitales/Trabajos_Practicos/TP_FINAL/Codigo/Sintesis/TP_FINAL/TP_FINAL.runs/synth_1/top.vds
# Journal file: /home/gonzalop/Documents/8641_Sistemas_Digitales/Trabajos_Practicos/TP_FINAL/Codigo/Sintesis/TP_FINAL/TP_FINAL.runs/synth_1/vivado.jou
# Running On: Gonzalo-Laptop, OS: Linux, CPU Frequency: 3899.966 MHz, CPU Physical cores: 4, Host memory: 16495 MB
#-----------------------------------------------------------
source top.tcl -notrace
